// Jest Snapshot v1, https://goo.gl/fbAQLP

exports[`Banner Schedule has not changed 1`] = `
<DocumentFragment>
  <section
    class="banner-schedule section has-background-white-main is-bold"
  >
    <div
      class="container"
    >
      <h2
        class="title is-family-secondary has-text-black-main is-2"
      >
        SCHEDULE
      </h2>
      <div
        class="banner-schedule-preview"
      >
        <section
          class="columns is-multiline"
        >
          <div
            class="column is-one-third"
          >
            <h3
              class="has-text-black-main is-size-5"
            >
              <strong>
                PREVIOUS EVENT
              </strong>
            </h3>
          </div>
          <div
            class="column is-two-thirds"
          >
            <h3
              class="has-text-black-main is-size-5"
            >
              <strong>
                UPCOMING EVENTS
              </strong>
            </h3>
          </div>
          <div
            class="column is-one-third"
          >
            <article
              class="event-card-container container"
            >
              <header
                class="event-card-header"
              >
                <p>
                  19 NOV 2019
                </p>
                <p
                  class="has-text-weight-light"
                >
                  Parco Sannazzaro
                </p>
              </header>
              <section
                class="event-card-info columns is-mobile is-vcentered has-text-centered"
              >
                <div
                  class="column is-one-third team-info"
                >
                  <p
                    aria-label="Soccer ball"
                    class="is-size-1"
                    role="img"
                  >
                    ⚽
                  </p>
                  <p>
                    CMS
                  </p>
                </div>
                <div
                  class="column is-one-third match-info has-text-team-holy"
                >
                  <p>
                    1-2
                  </p>
                </div>
                <div
                  class="column is-one-third team-info"
                >
                  <p
                    aria-label="Soccer ball"
                    class="is-size-1"
                    role="img"
                  >
                    ⚽
                  </p>
                  <p>
                    CMS2
                  </p>
                </div>
              </section>
            </article>
          </div>
          <div
            class="column is-one-third"
          >
            <article
              class="event-card-container container"
            >
              <header
                class="event-card-header"
              >
                <p>
                  19 NOV 2219
                </p>
                <p
                  class="has-text-weight-light"
                >
                  Parco Sannazzaro
                </p>
              </header>
              <section
                class="event-card-info columns is-mobile is-vcentered has-text-centered"
              >
                <div
                  class="column is-one-third team-info"
                >
                  <p
                    aria-label="Soccer ball"
                    class="is-size-1"
                    role="img"
                  >
                    ⚽
                  </p>
                  <p>
                    CMS
                  </p>
                </div>
                <div
                  class="column is-one-third match-info has-text-team-holy"
                >
                  <p>
                    21:15
                  </p>
                </div>
                <div
                  class="column is-one-third team-info"
                >
                  <p
                    aria-label="Soccer ball"
                    class="is-size-1"
                    role="img"
                  >
                    ⚽
                  </p>
                  <p>
                    CMS2
                  </p>
                </div>
              </section>
            </article>
          </div>
          <div
            class="column is-one-third"
          >
            <article
              class="event-card-container container"
            >
              <header
                class="event-card-header"
              >
                <p>
                  20 NOV 2219
                </p>
                <p
                  class="has-text-weight-light"
                >
                  Parco Sannazzaro
                </p>
              </header>
              <section
                class="event-card-info has-text-centered columns is-mobile is-vcentered"
              >
                <div
                  class="column practice-info"
                >
                  <p>
                    PRACTICE
                  </p>
                  <p
                    class="has-text-team-holy"
                  >
                    12:40
                  </p>
                </div>
              </section>
            </article>
          </div>
        </section>
      </div>
      <div
        class="columns"
      >
        <div
          class="column is-half is-offset-one-quarter"
        >
          <a
            href="https://www.calciomontesacro.com/schedule"
          >
            <button
              class="button is-fullwidth has-background-roma-gold has-text-black-main is-size-5 is"
              type="button"
            >
              <strong>
                SEE FULL SCHEDULE
              </strong>
            </button>
          </a>
        </div>
      </div>
    </div>
  </section>
</DocumentFragment>
`;
