// Jest Snapshot v1, https://goo.gl/fbAQLP

exports[`Events List has not changed 1`] = `
<DocumentFragment>
  <ul
    class="container"
    data-testid="events-list"
  >
    <li
      class=""
    >
      <article
        class="event-row-container container"
      >
        <header
          class="event-row-header"
        >
          <p>
            20 NOV 2200
          </p>
          <p
            class="has-text-weight-light"
          >
            Parco Sannazzaro
          </p>
        </header>
        <section
          class="event-row-info columns is-mobile is-vcentered"
        >
          <div
            class="column is-two-fifths has-text-right team-info"
          >
            <span
              class="team-info-abrv"
            >
              CMS
            </span>
            <span
              aria-label="Soccer ball"
              class="team-info-icon"
              role="img"
            >
              âš½
            </span>
          </div>
          <div
            class="column is-one-fifth match-info has-text-roma-red has-text-centered"
          >
            <p>
              12:40
            </p>
          </div>
          <div
            class="column is-two-fifths team-info"
          >
            <span
              aria-label="Soccer ball"
              class="team-info-icon"
              role="img"
            >
              âš½
            </span>
            <span
              class="team-info-abrv"
            >
              CMS2
            </span>
          </div>
        </section>
      </article>
    </li>
    <li
      class=""
    >
      <article
        class="event-row-container container"
      >
        <header
          class="event-row-header"
        >
          <p>
            20 NOV 2200
          </p>
          <p
            class="has-text-weight-light"
          >
            Parco Sannazzaro
          </p>
        </header>
        <section
          class="event-row-info columns is-mobile is-vcentered"
        >
          <div
            class="column is-two-fifths has-text-right team-info"
          >
            <span
              class="team-info-abrv"
            >
              CMS
            </span>
            <span
              aria-label="Soccer ball"
              class="team-info-icon"
              role="img"
            >
              âš½
            </span>
          </div>
          <div
            class="column is-one-fifth match-info has-text-roma-red has-text-centered"
          >
            <p>
              12:40
            </p>
          </div>
          <div
            class="column is-two-fifths team-info"
          >
            <span
              aria-label="Soccer ball"
              class="team-info-icon"
              role="img"
            >
              âš½
            </span>
            <span
              class="team-info-abrv"
            >
              CMS2
            </span>
          </div>
        </section>
      </article>
    </li>
    <li
      class="is-most-recent"
    >
      <p
        class="most-recent-note"
      >
        Latest Event
      </p>
      <article
        class="event-row-container container"
      >
        <header
          class="event-row-header"
        >
          <p>
            20 NOV 2019
          </p>
          <p
            class="has-text-weight-light"
          >
            Parco Sannazzaro
          </p>
        </header>
        <section
          class="event-row-info columns is-mobile is-vcentered"
        >
          <div
            class="column is-two-fifths has-text-right team-info"
          >
            <span
              class="team-info-abrv"
            >
              CMS
            </span>
            <span
              aria-label="Soccer ball"
              class="team-info-icon"
              role="img"
            >
              âš½
            </span>
          </div>
          <div
            class="column is-one-fifth match-info has-text-roma-red has-text-centered"
          >
            <p>
              <span
                class="match-info-score"
              >
                1
              </span>
              <span
                class="has-text-team-granite"
              >
                -
              </span>
              <span
                class="match-info-score"
              >
                2
              </span>
            </p>
          </div>
          <div
            class="column is-two-fifths team-info"
          >
            <span
              aria-label="Soccer ball"
              class="team-info-icon"
              role="img"
            >
              âš½
            </span>
            <span
              class="team-info-abrv"
            >
              CMS2
            </span>
          </div>
        </section>
      </article>
    </li>
    <li
      class=""
    >
      <article
        class="event-row-container container"
      >
        <header
          class="event-row-header"
        >
          <p>
            20 NOV 2019
          </p>
          <p
            class="has-text-weight-light"
          >
            Parco Sannazzaro
          </p>
        </header>
        <section
          class="event-row-info columns is-mobile is-vcentered"
        >
          <div
            class="column is-two-fifths has-text-right team-info"
          >
            <span
              class="team-info-abrv"
            >
              CMS
            </span>
            <span
              aria-label="Soccer ball"
              class="team-info-icon"
              role="img"
            >
              âš½
            </span>
          </div>
          <div
            class="column is-one-fifth match-info has-text-roma-red has-text-centered"
          >
            <p>
              <span
                class="match-info-score"
              >
                1
              </span>
              <span
                class="has-text-team-granite"
              >
                -
              </span>
              <span
                class="match-info-score"
              >
                2
              </span>
            </p>
          </div>
          <div
            class="column is-two-fifths team-info"
          >
            <span
              aria-label="Soccer ball"
              class="team-info-icon"
              role="img"
            >
              âš½
            </span>
            <span
              class="team-info-abrv"
            >
              CMS2
            </span>
          </div>
        </section>
      </article>
    </li>
    <li
      class=""
    >
      <article
        class="event-row-container container"
      >
        <header
          class="event-row-header"
        >
          <p>
            20 NOV 2019
          </p>
          <p
            class="has-text-weight-light"
          >
            Parco Sannazzaro
          </p>
        </header>
        <section
          class="event-row-info has-text-centered columns is-mobile is-vcentered"
        >
          <div
            class="column practice-info"
          >
            <p>
              PRACTICE
            </p>
            <p
              class="has-text-roma-red"
            >
              12:40
            </p>
          </div>
        </section>
      </article>
    </li>
    <li
      class=""
    >
      <article
        class="event-row-container container"
      >
        <header
          class="event-row-header"
        >
          <p>
            20 NOV 2019
          </p>
          <p
            class="has-text-weight-light"
          >
            Parco Sannazzaro
          </p>
        </header>
        <section
          class="event-row-info has-text-centered columns is-mobile is-vcentered"
        >
          <div
            class="column practice-info"
          >
            <p>
              PRACTICE
            </p>
            <p
              class="has-text-roma-red"
            >
              12:40
            </p>
          </div>
        </section>
      </article>
    </li>
  </ul>
</DocumentFragment>
`;

exports[`Events List has not changed--empty 1`] = `
<DocumentFragment>
  <section
    class="section has-background-team-granite has-text-team-holy has-text-centered  has-text-weight-bold is-size-4"
    data-testid="events-list-empty"
  >
    There are currently no events!
    <br />
    <span
      aria-label="zzz"
      class="is-size-1"
      role="img"
    >
      ðŸ’¤
    </span>
  </section>
</DocumentFragment>
`;
